// Jest Snapshot v1, https://goo.gl/fbAQLP

exports[`Composer component should have core class methods, defined, as class arrow function properties should render valid markup depending on passed props snapshot should match 1`] = `"<img src=\\"http://www.avatar.com/\\"><form><textarea placeholder=\\"What is in your mind, Pavel\\"></textarea><input type=\\"submit\\" value=\\"Post\\"></form>"`;
